[ INFO] === HorizonRust - Nintendo Switch Emulator ===
[ INFO] Auto-loaded NRO: space-nx-master\space-nx.nro
[ INFO] Booting NRO: space-nx-master\space-nx.nro
